###############################################################################
#
# IAR ELF Linker V9.30.1.335/W64 for ARM                  24/Sep/2023  12:50:52
# Copyright 2007-2022 IAR Systems AB.
#
#    Output file  =
#        D:\DIEN_PROJECT\HOBOI_PANEL\SOFTWARE\MAIN_PANEL_COMBO_V2\EWARM\MAIN_PANEL_V2\Exe\MAIN_PANEL_V2.out
#    Map file     =
#        D:\DIEN_PROJECT\HOBOI_PANEL\SOFTWARE\MAIN_PANEL_COMBO_V2\EWARM\MAIN_PANEL_V2\List\MAIN_PANEL_V2.map
#    Command line =
#        -f
#        D:\DIEN_PROJECT\HOBOI_PANEL\SOFTWARE\MAIN_PANEL_COMBO_V2\EWARM\MAIN_PANEL_V2\Exe\MAIN_PANEL_V2.out.rsp
#        (D:\DIEN_PROJECT\HOBOI_PANEL\SOFTWARE\MAIN_PANEL_COMBO_V2\EWARM\MAIN_PANEL_V2\Obj\Application\User\Core\AppDriverLib\AppDataFlashOperation.o
#        D:\DIEN_PROJECT\HOBOI_PANEL\SOFTWARE\MAIN_PANEL_COMBO_V2\EWARM\MAIN_PANEL_V2\Obj\Application\User\Core\AppDriverLib\AppProc.o
#        D:\DIEN_PROJECT\HOBOI_PANEL\SOFTWARE\MAIN_PANEL_COMBO_V2\EWARM\MAIN_PANEL_V2\Obj\Application\User\Core\main.o
#        D:\DIEN_PROJECT\HOBOI_PANEL\SOFTWARE\MAIN_PANEL_COMBO_V2\EWARM\MAIN_PANEL_V2\Obj\Application\User\Core\AppDriverLib\NRF24.o
#        D:\DIEN_PROJECT\HOBOI_PANEL\SOFTWARE\MAIN_PANEL_COMBO_V2\EWARM\MAIN_PANEL_V2\Obj\Application\EWARM\startup_stm32f030x8.o
#        D:\DIEN_PROJECT\HOBOI_PANEL\SOFTWARE\MAIN_PANEL_COMBO_V2\EWARM\MAIN_PANEL_V2\Obj\Application\User\Core\AppDriverLib\StdErrorCode.o
#        D:\DIEN_PROJECT\HOBOI_PANEL\SOFTWARE\MAIN_PANEL_COMBO_V2\EWARM\MAIN_PANEL_V2\Obj\Drivers\STM32F0xx_HAL_Driver\stm32f0xx_hal.o
#        D:\DIEN_PROJECT\HOBOI_PANEL\SOFTWARE\MAIN_PANEL_COMBO_V2\EWARM\MAIN_PANEL_V2\Obj\Drivers\STM32F0xx_HAL_Driver\stm32f0xx_hal_cortex.o
#        D:\DIEN_PROJECT\HOBOI_PANEL\SOFTWARE\MAIN_PANEL_COMBO_V2\EWARM\MAIN_PANEL_V2\Obj\Drivers\STM32F0xx_HAL_Driver\stm32f0xx_hal_dma.o
#        D:\DIEN_PROJECT\HOBOI_PANEL\SOFTWARE\MAIN_PANEL_COMBO_V2\EWARM\MAIN_PANEL_V2\Obj\Drivers\STM32F0xx_HAL_Driver\stm32f0xx_hal_exti.o
#        D:\DIEN_PROJECT\HOBOI_PANEL\SOFTWARE\MAIN_PANEL_COMBO_V2\EWARM\MAIN_PANEL_V2\Obj\Drivers\STM32F0xx_HAL_Driver\stm32f0xx_hal_flash.o
#        D:\DIEN_PROJECT\HOBOI_PANEL\SOFTWARE\MAIN_PANEL_COMBO_V2\EWARM\MAIN_PANEL_V2\Obj\Drivers\STM32F0xx_HAL_Driver\stm32f0xx_hal_flash_ex.o
#        D:\DIEN_PROJECT\HOBOI_PANEL\SOFTWARE\MAIN_PANEL_COMBO_V2\EWARM\MAIN_PANEL_V2\Obj\Drivers\STM32F0xx_HAL_Driver\stm32f0xx_hal_gpio.o
#        D:\DIEN_PROJECT\HOBOI_PANEL\SOFTWARE\MAIN_PANEL_COMBO_V2\EWARM\MAIN_PANEL_V2\Obj\Drivers\STM32F0xx_HAL_Driver\stm32f0xx_hal_i2c.o
#        D:\DIEN_PROJECT\HOBOI_PANEL\SOFTWARE\MAIN_PANEL_COMBO_V2\EWARM\MAIN_PANEL_V2\Obj\Drivers\STM32F0xx_HAL_Driver\stm32f0xx_hal_i2c_ex.o
#        D:\DIEN_PROJECT\HOBOI_PANEL\SOFTWARE\MAIN_PANEL_COMBO_V2\EWARM\MAIN_PANEL_V2\Obj\Application\User\Core\stm32f0xx_hal_msp.o
#        D:\DIEN_PROJECT\HOBOI_PANEL\SOFTWARE\MAIN_PANEL_COMBO_V2\EWARM\MAIN_PANEL_V2\Obj\Drivers\STM32F0xx_HAL_Driver\stm32f0xx_hal_pwr.o
#        D:\DIEN_PROJECT\HOBOI_PANEL\SOFTWARE\MAIN_PANEL_COMBO_V2\EWARM\MAIN_PANEL_V2\Obj\Drivers\STM32F0xx_HAL_Driver\stm32f0xx_hal_pwr_ex.o
#        D:\DIEN_PROJECT\HOBOI_PANEL\SOFTWARE\MAIN_PANEL_COMBO_V2\EWARM\MAIN_PANEL_V2\Obj\Drivers\STM32F0xx_HAL_Driver\stm32f0xx_hal_rcc.o
#        D:\DIEN_PROJECT\HOBOI_PANEL\SOFTWARE\MAIN_PANEL_COMBO_V2\EWARM\MAIN_PANEL_V2\Obj\Drivers\STM32F0xx_HAL_Driver\stm32f0xx_hal_rcc_ex.o
#        D:\DIEN_PROJECT\HOBOI_PANEL\SOFTWARE\MAIN_PANEL_COMBO_V2\EWARM\MAIN_PANEL_V2\Obj\Drivers\STM32F0xx_HAL_Driver\stm32f0xx_hal_spi.o
#        D:\DIEN_PROJECT\HOBOI_PANEL\SOFTWARE\MAIN_PANEL_COMBO_V2\EWARM\MAIN_PANEL_V2\Obj\Drivers\STM32F0xx_HAL_Driver\stm32f0xx_hal_spi_ex.o
#        D:\DIEN_PROJECT\HOBOI_PANEL\SOFTWARE\MAIN_PANEL_COMBO_V2\EWARM\MAIN_PANEL_V2\Obj\Drivers\STM32F0xx_HAL_Driver\stm32f0xx_hal_tim.o
#        D:\DIEN_PROJECT\HOBOI_PANEL\SOFTWARE\MAIN_PANEL_COMBO_V2\EWARM\MAIN_PANEL_V2\Obj\Drivers\STM32F0xx_HAL_Driver\stm32f0xx_hal_tim_ex.o
#        D:\DIEN_PROJECT\HOBOI_PANEL\SOFTWARE\MAIN_PANEL_COMBO_V2\EWARM\MAIN_PANEL_V2\Obj\Drivers\STM32F0xx_HAL_Driver\stm32f0xx_hal_uart.o
#        D:\DIEN_PROJECT\HOBOI_PANEL\SOFTWARE\MAIN_PANEL_COMBO_V2\EWARM\MAIN_PANEL_V2\Obj\Drivers\STM32F0xx_HAL_Driver\stm32f0xx_hal_uart_ex.o
#        D:\DIEN_PROJECT\HOBOI_PANEL\SOFTWARE\MAIN_PANEL_COMBO_V2\EWARM\MAIN_PANEL_V2\Obj\Application\User\Core\stm32f0xx_it.o
#        D:\DIEN_PROJECT\HOBOI_PANEL\SOFTWARE\MAIN_PANEL_COMBO_V2\EWARM\MAIN_PANEL_V2\Obj\Drivers\CMSIS\system_stm32f0xx.o
#        D:\DIEN_PROJECT\HOBOI_PANEL\SOFTWARE\MAIN_PANEL_COMBO_V2\EWARM\MAIN_PANEL_V2\Obj\Application\User\Core\AppDriverLib\TimerControl.o
#        --no_out_extension -o
#        D:\DIEN_PROJECT\HOBOI_PANEL\SOFTWARE\MAIN_PANEL_COMBO_V2\EWARM\MAIN_PANEL_V2\Exe\MAIN_PANEL_V2.out
#        --redirect _Printf=_PrintfFullNoMb --redirect _Scanf=_ScanfFullNoMb
#        --map
#        D:\DIEN_PROJECT\HOBOI_PANEL\SOFTWARE\MAIN_PANEL_COMBO_V2\EWARM\MAIN_PANEL_V2\List\MAIN_PANEL_V2.map
#        --config
#        D:\DIEN_PROJECT\HOBOI_PANEL\SOFTWARE\MAIN_PANEL_COMBO_V2\EWARM/stm32f030x8_flash.icf
#        --semihosting --entry __iar_program_start --vfe --text_out locale
#        --cpu=Cortex-M0 --fpu=None)
#
###############################################################################

*******************************************************************************
*** RUNTIME MODEL ATTRIBUTES
***

CppFlavor       = *
__CPP_Runtime   = 1
__SystemLibrary = DLib
__dlib_version  = 6


*******************************************************************************
*** HEAP SELECTION
***

The basic heap was selected because --advanced_heap
was not specified and the application did not appear to
be primarily optimized for speed.


*******************************************************************************
*** PLACEMENT SUMMARY
***

"A0":  place at address 0x800'0000 { ro section .intvec };
"P1":  place in [from 0x800'0000 to 0x800'ffff] { ro };
define block CSTACK with size = 1K, alignment = 8 { };
define block HEAP with size = 512, alignment = 8 { };
"P2":  place in [from 0x2000'0000 to 0x2000'1fff] {
          rw, block CSTACK, block HEAP };
initialize by copy { rw };

  Section            Kind         Address    Size  Object
  -------            ----         -------    ----  ------
"A0":                                        0xb4
  .intvec            ro code   0x800'0000    0xb4  startup_stm32f030x8.o [1]
                             - 0x800'00b4    0xb4

"P1":                                      0x28a8
  .text              ro code   0x800'00b4   0xa7c  stm32f0xx_hal_uart.o [5]
  .text              ro code   0x800'0b30   0x1bc  stm32f0xx_hal_msp.o [2]
  .text              ro code   0x800'0cec     0xc  stm32f0xx_hal.o [5]
  .text              ro code   0x800'0cf8    0x8a  stm32f0xx_hal_dma.o [5]
  .text              ro code   0x800'0d82     0x2  stm32f0xx_hal_uart.o [5]
  .text              ro code   0x800'0d84     0x2  stm32f0xx_hal_uart.o [5]
  .text              ro code   0x800'0d86     0x2  stm32f0xx_hal_uart.o [5]
  .text              ro code   0x800'0d88   0x52c  stm32f0xx_hal_rcc.o [5]
  .text              ro code   0x800'12b4    0x5e  I32DivMod.o [7]
  .text              ro code   0x800'1312     0x2  startup_stm32f030x8.o [1]
  .text              ro code   0x800'1314   0x400  AppProc.o [3]
  .text              ro code   0x800'1714    0x14  memset.o [7]
  .text              ro code   0x800'1728   0x1d4  stm32f0xx_hal_gpio.o [5]
  .text              ro code   0x800'18fc    0x8c  stm32f0xx_hal_cortex.o [5]
  .text              ro code   0x800'1988    0x44  stm32f0xx_hal.o [5]
  .text              ro code   0x800'19cc     0x2  IntDivZer.o [7]
  .text              ro code   0x800'19ce     0x2  startup_stm32f030x8.o [1]
  .text              ro code   0x800'19d0    0x3a  AppDataFlashOperation.o [3]
  .text              ro code   0x800'1a0a     0x2  startup_stm32f030x8.o [1]
  .text              ro code   0x800'1a0c    0x28  stm32f0xx_hal.o [5]
  .text              ro code   0x800'1a34    0x80  TimerControl.o [3]
  .text              ro code   0x800'1ab4    0x90  StdErrorCode.o [3]
  .text              ro code   0x800'1b44    0x10  ABImemset_small.o [7]
  .text              ro code   0x800'1b54   0x164  stm32f0xx_hal_flash.o [5]
  .text              ro code   0x800'1cb8    0xe4  stm32f0xx_hal_flash_ex.o [5]
  .text              ro code   0x800'1d9c   0x30c  stm32f0xx_hal_tim.o [5]
  .text              ro code   0x800'20a8    0x1e  U64Shr.o [7]
  .text              ro code   0x800'20c6     0x2  stm32f0xx_hal_tim.o [5]
  .text              ro code   0x800'20c8     0x2  stm32f0xx_hal_tim.o [5]
  .text              ro code   0x800'20ca     0x2  stm32f0xx_hal_tim.o [5]
  .text              ro code   0x800'20cc     0x2  stm32f0xx_hal_tim_ex.o [5]
  .text              ro code   0x800'20ce     0x2  stm32f0xx_hal_tim.o [5]
  .text              ro code   0x800'20d0     0x2  stm32f0xx_hal_tim_ex.o [5]
  .text              ro code   0x800'20d2     0x2  startup_stm32f030x8.o [1]
  .text              ro code   0x800'20d4   0x2d6  main.o [2]
  .text              ro code   0x800'23aa     0x2  startup_stm32f030x8.o [1]
  .text              ro code   0x800'23ac    0x20  stm32f0xx_hal.o [5]
  .text              ro code   0x800'23cc   0x22a  stm32f0xx_hal_spi.o [5]
  .text              ro code   0x800'25f6     0x2  startup_stm32f030x8.o [1]
  .text              ro code   0x800'25f8    0xfc  stm32f0xx_hal_rcc_ex.o [5]
  .text              ro code   0x800'26f4     0x2  stm32f0xx_hal_spi.o [5]
  .text              ro code   0x800'26f6    0x80  lz77_init_single.o [7]
  .text              ro code   0x800'2776     0x2  startup_stm32f030x8.o [1]
  .text              ro code   0x800'2778    0x58  stm32f0xx_it.o [2]
  .text              ro code   0x800'27d0    0x10  stm32f0xx_hal.o [5]
  .text              ro code   0x800'27e0    0x3c  zero_init3.o [7]
  .text              ro code   0x800'281c    0x28  data_init.o [7]
  .iar.init_table    const     0x800'2844    0x20  - Linker created -
  .text              ro code   0x800'2864    0x1e  cmain.o [7]
  .text              ro code   0x800'2882     0x4  low_level_init.o [6]
  .text              ro code   0x800'2886     0x8  exit.o [6]
  .text              ro code   0x800'288e     0x2  startup_stm32f030x8.o [1]
  .text              ro code   0x800'2890     0xa  cexit.o [7]
  .text              ro code   0x800'289a     0x2  startup_stm32f030x8.o [1]
  .text              ro code   0x800'289c    0x14  exit.o [8]
  .text              ro code   0x800'28b0    0x1c  cstartup_M.o [7]
  .text              ro code   0x800'28cc    0x14  system_stm32f0xx.o [4]
  .text              ro code   0x800'28e0    0x10  startup_stm32f030x8.o [1]
  .rodata            const     0x800'28f0     0x8  system_stm32f0xx.o [4]
  .text              ro code   0x800'28f8     0x2  startup_stm32f030x8.o [1]
  .text              ro code   0x800'28fa     0x2  startup_stm32f030x8.o [1]
  .text              ro code   0x800'28fc     0x2  startup_stm32f030x8.o [1]
  .text              ro code   0x800'28fe     0x2  startup_stm32f030x8.o [1]
  .text              ro code   0x800'2900     0x2  startup_stm32f030x8.o [1]
  .text              ro code   0x800'2902     0x2  startup_stm32f030x8.o [1]
  .text              ro code   0x800'2904     0x2  startup_stm32f030x8.o [1]
  .text              ro code   0x800'2906     0x2  startup_stm32f030x8.o [1]
  .text              ro code   0x800'2908     0x2  startup_stm32f030x8.o [1]
  .text              ro code   0x800'290a     0x2  startup_stm32f030x8.o [1]
  .text              ro code   0x800'290c     0x2  startup_stm32f030x8.o [1]
  .rodata            const     0x800'290e     0x0  zero_init3.o [7]
  .rodata            const     0x800'290e     0x0  lz77_init_single.o [7]
  Initializer bytes  const     0x800'290e    0x4e  <for P2-1>
                             - 0x800'295c  0x28a8

"P2", part 1 of 3:                           0xb0
  P2-1                        0x2000'0000    0xb0  <Init block>
    .data            inited   0x2000'0000    0x50  AppProc.o [3]
    .data            inited   0x2000'0050    0x50  AppProc.o [3]
    .data            inited   0x2000'00a0     0xc  stm32f0xx_hal.o [5]
    .data            inited   0x2000'00ac     0x4  system_stm32f0xx.o [4]
                            - 0x2000'00b0    0xb0

"P2", part 2 of 3:                          0x268
  .bss               zero     0x2000'00b0   0x204  main.o [2]
  .bss               zero     0x2000'02b4    0x2c  AppProc.o [3]
  .bss               zero     0x2000'02e0    0x20  stm32f0xx_hal_flash.o [5]
  .bss               zero     0x2000'0300    0x10  AppDataFlashOperation.o [3]
  .bss               zero     0x2000'0310     0x3  StdErrorCode.o [3]
  .bss               zero     0x2000'0313     0x1  TimerControl.o [3]
  .bss               zero     0x2000'0314     0x1  TimerControl.o [3]
                            - 0x2000'0315   0x265

"P2", part 3 of 3:                          0x400
  CSTACK                      0x2000'0318   0x400  <Block>
    CSTACK           uninit   0x2000'0318   0x400  <Block tail>
                            - 0x2000'0718   0x400

Unused ranges:

         From           To    Size
         ----           --    ----
   0x800'295c   0x800'ffff  0xd6a4
  0x2000'0718  0x2000'1fff  0x18e8


*******************************************************************************
*** INIT TABLE
***

          Address      Size
          -------      ----
Zero (__iar_zero_init3)
    1 destination range, total size 0x265:
          0x2000'00b0  0x265

Copy/lz77 (__iar_lz77_init_single3)
    1 source range, total size 0x4e (44% of destination):
           0x800'290e   0x4e
    1 destination range, total size 0xb0:
          0x2000'0000   0xb0



*******************************************************************************
*** MODULE SUMMARY
***

    Module                    ro code  ro data  rw data
    ------                    -------  -------  -------
command line/config:
    ---------------------------------------------------
    Total:

D:\DIEN_PROJECT\HOBOI_PANEL\SOFTWARE\MAIN_PANEL_COMBO_V2\EWARM\MAIN_PANEL_V2\Obj\Application\EWARM: [1]
    startup_stm32f030x8.o         236
    ---------------------------------------------------
    Total:                        236

D:\DIEN_PROJECT\HOBOI_PANEL\SOFTWARE\MAIN_PANEL_COMBO_V2\EWARM\MAIN_PANEL_V2\Obj\Application\User\Core: [2]
    main.o                        726               516
    stm32f0xx_hal_msp.o           444
    stm32f0xx_it.o                 88
    ---------------------------------------------------
    Total:                      1'258               516

D:\DIEN_PROJECT\HOBOI_PANEL\SOFTWARE\MAIN_PANEL_COMBO_V2\EWARM\MAIN_PANEL_V2\Obj\Application\User\Core\AppDriverLib: [3]
    AppDataFlashOperation.o        58                16
    AppProc.o                   1'024       70      204
    StdErrorCode.o                144                 3
    TimerControl.o                128                 2
    ---------------------------------------------------
    Total:                      1'354       70      225

D:\DIEN_PROJECT\HOBOI_PANEL\SOFTWARE\MAIN_PANEL_COMBO_V2\EWARM\MAIN_PANEL_V2\Obj\Drivers\CMSIS: [4]
    system_stm32f0xx.o             20       10        4
    ---------------------------------------------------
    Total:                         20       10        4

D:\DIEN_PROJECT\HOBOI_PANEL\SOFTWARE\MAIN_PANEL_COMBO_V2\EWARM\MAIN_PANEL_V2\Obj\Drivers\STM32F0xx_HAL_Driver: [5]
    stm32f0xx_hal.o               168        6       12
    stm32f0xx_hal_cortex.o        140
    stm32f0xx_hal_dma.o           138
    stm32f0xx_hal_flash.o         356                32
    stm32f0xx_hal_flash_ex.o      228
    stm32f0xx_hal_gpio.o          468
    stm32f0xx_hal_rcc.o         1'324
    stm32f0xx_hal_rcc_ex.o        252
    stm32f0xx_hal_spi.o           556
    stm32f0xx_hal_tim.o           788
    stm32f0xx_hal_tim_ex.o          4
    stm32f0xx_hal_uart.o        2'690
    ---------------------------------------------------
    Total:                      7'112        6       44

dl6M_tln.a: [6]
    exit.o                          8
    low_level_init.o                4
    ---------------------------------------------------
    Total:                         12

rt6M_tl.a: [7]
    ABImemset_small.o              16
    I32DivMod.o                    94
    IntDivZer.o                     2
    U64Shr.o                       30
    cexit.o                        10
    cmain.o                        30
    cstartup_M.o                   28
    data_init.o                    40
    lz77_init_single.o            128
    memset.o                       20
    zero_init3.o                   60
    ---------------------------------------------------
    Total:                        458

shb_l.a: [8]
    exit.o                         20
    ---------------------------------------------------
    Total:                         20

    Linker created                          32    1'024
-------------------------------------------------------
    Grand Total:               10'470      118    1'813


*******************************************************************************
*** ENTRY LIST
***

Entry                       Address   Size  Type      Object
-----                       -------   ----  ----      ------
.iar.init_table$$Base    0x800'2844          --   Gb  - Linker created -
.iar.init_table$$Limit   0x800'2864          --   Gb  - Linker created -
?main                    0x800'2865         Code  Gb  cmain.o [7]
ADC1_IRQHandler          0x800'28fb         Code  Wk  startup_stm32f030x8.o [1]
AHBPrescTable            0x800'28d0   0x10  Data  Gb  system_stm32f0xx.o [4]
APBPrescTable            0x800'28f0    0x8  Data  Gb  system_stm32f0xx.o [4]
AppCycleCheckBootPin     0x800'136b   0x9c  Code  Gb  AppProc.o [3]
AppCycleGetInputDataPin
                         0x800'1671   0x42  Code  Gb  AppProc.o [3]
AppCycleSetLedStatus     0x800'1abb   0x7e  Code  Gb  StdErrorCode.o [3]
AppGetInfo               0x800'1315    0x4  Code  Gb  AppProc.o [3]
AppLedCnt               0x2000'0311    0x1  Data  Gb  StdErrorCode.o [3]
AppReadDataOption        0x800'1319   0x4e  Code  Gb  AppProc.o [3]
AppUartCycleUpdateIOValue
                         0x800'1585   0x82  Code  Gb  AppProc.o [3]
BootPinAction           0x2000'02c8    0x2  Data  Gb  AppProc.o [3]
CSTACK$$Base            0x2000'0318          --   Gb  - Linker created -
CSTACK$$Limit           0x2000'0718          --   Gb  - Linker created -
ClearUartTxRxBuffer      0x800'144d    0xa  Code  Gb  AppProc.o [3]
DMA1_Channel1_IRQHandler
                         0x800'288f         Code  Wk  startup_stm32f030x8.o [1]
DMA1_Channel2_3_IRQHandler
                         0x800'289b         Code  Wk  startup_stm32f030x8.o [1]
DMA1_Channel4_5_IRQHandler
                         0x800'28f9         Code  Wk  startup_stm32f030x8.o [1]
EXTI0_1_IRQHandler       0x800'23ab         Code  Wk  startup_stm32f030x8.o [1]
EXTI2_3_IRQHandler       0x800'25f7         Code  Wk  startup_stm32f030x8.o [1]
EXTI4_15_IRQHandler      0x800'2777         Code  Wk  startup_stm32f030x8.o [1]
ErrorCode               0x2000'0310    0x1  Data  Gb  StdErrorCode.o [3]
Error_Handler            0x800'23a7    0x4  Code  Gb  main.o [2]
FLASH_IRQHandler         0x800'1a0b         Code  Wk  startup_stm32f030x8.o [1]
FLASH_MassErase          0x800'1d53   0x1a  Code  Lc  stm32f0xx_hal_flash_ex.o [5]
FLASH_PageErase          0x800'1d79   0x1c  Code  Gb  stm32f0xx_hal_flash_ex.o [5]
FLASH_Program_HalfWord   0x800'1c03   0x16  Code  Lc  stm32f0xx_hal_flash.o [5]
FLASH_SetErrorCode       0x800'1c6d   0x34  Code  Lc  stm32f0xx_hal_flash.o [5]
FLASH_WaitForLastOperation
                         0x800'1c19   0x4e  Code  Gb  stm32f0xx_hal_flash.o [5]
FlError                 0x2000'030c    0x4  Data  Gb  AppDataFlashOperation.o [3]
GetBootPinAction         0x800'1367    0x4  Code  Gb  AppProc.o [3]
GetIOStatusFunc          0x800'1549   0x1c  Code  Gb  AppProc.o [3]
GetLockTimer             0x800'1a3b    0x6  Code  Gb  TimerControl.o [3]
GetTimerCycleOneSecound
                         0x800'1a35    0x6  Code  Gb  TimerControl.o [3]
HAL_DMA_Abort            0x800'0cf9   0x42  Code  Gb  stm32f0xx_hal_dma.o [5]
HAL_DMA_Abort_IT         0x800'0d3b   0x48  Code  Gb  stm32f0xx_hal_dma.o [5]
HAL_Delay                0x800'1a0d   0x28  Code  Wk  stm32f0xx_hal.o [5]
HAL_FLASHEx_Erase        0x800'1cb9   0x9a  Code  Gb  stm32f0xx_hal_flash_ex.o [5]
HAL_FLASH_Lock           0x800'1bf5    0xe  Code  Gb  stm32f0xx_hal_flash.o [5]
HAL_FLASH_Program        0x800'1b55   0x82  Code  Gb  stm32f0xx_hal_flash.o [5]
HAL_FLASH_Unlock         0x800'1bd7   0x1e  Code  Gb  stm32f0xx_hal_flash.o [5]
HAL_GPIO_Init            0x800'1729  0x194  Code  Gb  stm32f0xx_hal_gpio.o [5]
HAL_GPIO_ReadPin         0x800'18bd    0xc  Code  Gb  stm32f0xx_hal_gpio.o [5]
HAL_GPIO_TogglePin       0x800'18d5   0x10  Code  Gb  stm32f0xx_hal_gpio.o [5]
HAL_GPIO_WritePin        0x800'18c9    0xc  Code  Gb  stm32f0xx_hal_gpio.o [5]
HAL_GetTick              0x800'0ced    0xc  Code  Wk  stm32f0xx_hal.o [5]
HAL_IncTick              0x800'27d1   0x10  Code  Wk  stm32f0xx_hal.o [5]
HAL_Init                 0x800'23ad   0x1a  Code  Gb  stm32f0xx_hal.o [5]
HAL_InitTick             0x800'1989   0x44  Code  Wk  stm32f0xx_hal.o [5]
HAL_MspInit              0x800'0b31   0x2a  Code  Gb  stm32f0xx_hal_msp.o [2]
HAL_NVIC_EnableIRQ       0x800'193f   0x12  Code  Gb  stm32f0xx_hal_cortex.o [5]
HAL_NVIC_SetPriority     0x800'1937    0x8  Code  Gb  stm32f0xx_hal_cortex.o [5]
HAL_RCCEx_PeriphCLKConfig
                         0x800'25f9   0xe2  Code  Gb  stm32f0xx_hal_rcc_ex.o [5]
HAL_RCC_ClockConfig      0x800'1115   0xfc  Code  Gb  stm32f0xx_hal_rcc.o [5]
HAL_RCC_GetPCLK1Freq     0x800'1253   0x14  Code  Gb  stm32f0xx_hal_rcc.o [5]
HAL_RCC_GetSysClockFreq
                         0x800'1219   0x3a  Code  Gb  stm32f0xx_hal_rcc.o [5]
HAL_RCC_GetSysClockFreq::aPLLMULFactorTable
                         0x800'1294   0x10  Data  Lc  stm32f0xx_hal_rcc.o [5]
HAL_RCC_GetSysClockFreq::aPredivFactorTable
                         0x800'12a4   0x10  Data  Lc  stm32f0xx_hal_rcc.o [5]
HAL_RCC_OscConfig        0x800'0d89  0x37e  Code  Gb  stm32f0xx_hal_rcc.o [5]
HAL_SPI_ErrorCallback    0x800'26f5    0x2  Code  Wk  stm32f0xx_hal_spi.o [5]
HAL_SPI_IRQHandler       0x800'24d5  0x10a  Code  Gb  stm32f0xx_hal_spi.o [5]
HAL_SPI_Init             0x800'23cd  0x104  Code  Gb  stm32f0xx_hal_spi.o [5]
HAL_SPI_MspInit          0x800'0b5b   0x6c  Code  Gb  stm32f0xx_hal_msp.o [2]
HAL_SYSTICK_Config       0x800'1951   0x28  Code  Gb  stm32f0xx_hal_cortex.o [5]
HAL_TIMEx_BreakCallback
                         0x800'20cd    0x2  Code  Wk  stm32f0xx_hal_tim_ex.o [5]
HAL_TIMEx_CommutCallback
                         0x800'20d1    0x2  Code  Wk  stm32f0xx_hal_tim_ex.o [5]
HAL_TIM_Base_Init        0x800'1d9d   0x1e  Code  Gb  stm32f0xx_hal_tim.o [5]
HAL_TIM_Base_MspInit     0x800'0bc7   0x52  Code  Gb  stm32f0xx_hal_msp.o [2]
HAL_TIM_Base_Start       0x800'1dbb   0x40  Code  Gb  stm32f0xx_hal_tim.o [5]
HAL_TIM_Base_Start_IT    0x800'1dfb   0x48  Code  Gb  stm32f0xx_hal_tim.o [5]
HAL_TIM_Base_Stop_IT     0x800'1e43   0x34  Code  Gb  stm32f0xx_hal_tim.o [5]
HAL_TIM_IC_CaptureCallback
                         0x800'20c7    0x2  Code  Wk  stm32f0xx_hal_tim.o [5]
HAL_TIM_IRQHandler       0x800'1ec9  0x152  Code  Gb  stm32f0xx_hal_tim.o [5]
HAL_TIM_OC_DelayElapsedCallback
                         0x800'20c9    0x2  Code  Wk  stm32f0xx_hal_tim.o [5]
HAL_TIM_PWM_PulseFinishedCallback
                         0x800'20cb    0x2  Code  Wk  stm32f0xx_hal_tim.o [5]
HAL_TIM_PeriodElapsedCallback
                         0x800'1a41   0x2a  Code  Gb  TimerControl.o [3]
HAL_TIM_TriggerCallback
                         0x800'20cf    0x2  Code  Wk  stm32f0xx_hal_tim.o [5]
HAL_UARTEx_RxEventCallback
                         0x800'0d85    0x2  Code  Wk  stm32f0xx_hal_uart.o [5]
HAL_UART_ErrorCallback   0x800'0d83    0x2  Code  Wk  stm32f0xx_hal_uart.o [5]
HAL_UART_IRQHandler      0x800'0255  0x2ca  Code  Gb  stm32f0xx_hal_uart.o [5]
HAL_UART_Init            0x800'00b5   0x56  Code  Gb  stm32f0xx_hal_uart.o [5]
HAL_UART_MspInit         0x800'0c19   0xb2  Code  Gb  stm32f0xx_hal_msp.o [2]
HAL_UART_Receive_IT      0x800'01fb   0x5a  Code  Gb  stm32f0xx_hal_uart.o [5]
HAL_UART_RxCpltCallback
                         0x800'16b3   0x22  Code  Gb  AppProc.o [3]
HAL_UART_Transmit        0x800'0121   0xda  Code  Gb  stm32f0xx_hal_uart.o [5]
HAL_UART_TxCpltCallback
                         0x800'0d87    0x2  Code  Wk  stm32f0xx_hal_uart.o [5]
HardFault_Handler        0x800'277b    0x2  Code  Gb  stm32f0xx_it.o [2]
I2C1_IRQHandler          0x800'2909         Code  Wk  startup_stm32f030x8.o [1]
I2C2_IRQHandler          0x800'290b         Code  Wk  startup_stm32f030x8.o [1]
INPUT_TABLE             0x2000'0000   0x50  Data  Gb  AppProc.o [3]
NMI_Handler              0x800'2779    0x2  Code  Gb  stm32f0xx_it.o [2]
OUTPUT_TABLE            0x2000'0050   0x50  Data  Gb  AppProc.o [3]
PendSV_Handler           0x800'277f    0x2  Code  Gb  stm32f0xx_it.o [2]
RCC_IRQHandler           0x800'20d3         Code  Wk  startup_stm32f030x8.o [1]
RTC_IRQHandler           0x800'19cf         Code  Wk  startup_stm32f030x8.o [1]
ReInitUartConnect        0x800'16d5   0x26  Code  Gb  AppProc.o [3]
ReadBackupData           0x800'1a05    0x6  Code  Gb  AppDataFlashOperation.o [3]
ReadIOPin                0x800'1619   0x58  Code  Gb  AppProc.o [3]
Region$$Table$$Base      0x800'2844          --   Gb  - Linker created -
Region$$Table$$Limit     0x800'2864          --   Gb  - Linker created -
Reset_Handler            0x800'28e1         Code  Wk  startup_stm32f030x8.o [1]
RxPacket                0x2000'02b8   0x10  Data  Lc  AppProc.o [3]
SPI1_IRQHandler          0x800'279d    0xa  Code  Gb  stm32f0xx_it.o [2]
SPI2_IRQHandler          0x800'290d         Code  Wk  startup_stm32f030x8.o [1]
SPI_DMAAbortOnError      0x800'25e5   0x12  Code  Lc  stm32f0xx_hal_spi.o [5]
SVC_Handler              0x800'277d    0x2  Code  Gb  stm32f0xx_it.o [2]
SetErrorCode             0x800'1ab5    0x6  Code  Gb  StdErrorCode.o [3]
SetIOStatusFunc          0x800'1565   0x18  Code  Gb  AppProc.o [3]
SysTick_Handler          0x800'2781    0x8  Code  Gb  stm32f0xx_it.o [2]
SystemClock_Config       0x800'233d   0x6a  Code  Gb  main.o [2]
SystemCoreClock         0x2000'00ac    0x4  Data  Gb  system_stm32f0xx.o [4]
SystemInit               0x800'28cd    0x2  Code  Gb  system_stm32f0xx.o [4]
TIM14_IRQHandler         0x800'2793    0xa  Code  Gb  stm32f0xx_it.o [2]
TIM15_IRQHandler         0x800'2903         Code  Wk  startup_stm32f030x8.o [1]
TIM16_IRQHandler         0x800'2905         Code  Wk  startup_stm32f030x8.o [1]
TIM17_IRQHandler         0x800'2907         Code  Wk  startup_stm32f030x8.o [1]
TIM1_BRK_UP_TRG_COM_IRQHandler
                         0x800'28fd         Code  Wk  startup_stm32f030x8.o [1]
TIM1_CC_IRQHandler       0x800'28ff         Code  Wk  startup_stm32f030x8.o [1]
TIM3_IRQHandler          0x800'2901         Code  Wk  startup_stm32f030x8.o [1]
TIM6_IRQHandler          0x800'2789    0xa  Code  Gb  stm32f0xx_it.o [2]
TIM_Base_SetConfig       0x800'201b   0x70  Code  Gb  stm32f0xx_hal_tim.o [5]
TimerAction              0x800'1a99   0x1c  Code  Gb  TimerControl.o [3]
TimerBootPinAction       0x800'1a6b   0x1a  Code  Gb  TimerControl.o [3]
TxPacket                0x2000'02d0   0x10  Data  Lc  AppProc.o [3]
UART_AdvFeatureConfig    0x800'063d   0xc8  Code  Gb  stm32f0xx_hal_uart.o [5]
UART_CheckIdleState      0x800'0709   0xae  Code  Gb  stm32f0xx_hal_uart.o [5]
UART_DMAAbortOnError     0x800'09ad   0x14  Code  Lc  stm32f0xx_hal_uart.o [5]
UART_EndRxTransfer       0x800'093d   0x5e  Code  Lc  stm32f0xx_hal_uart.o [5]
UART_RxISR_16BIT         0x800'0a5d   0x9c  Code  Lc  stm32f0xx_hal_uart.o [5]
UART_RxISR_8BIT          0x800'09c1   0x9c  Code  Lc  stm32f0xx_hal_uart.o [5]
UART_SetConfig           0x800'0535  0x108  Code  Gb  stm32f0xx_hal_uart.o [5]
UART_Start_Receive_IT    0x800'0871   0x9a  Code  Gb  stm32f0xx_hal_uart.o [5]
UART_WaitOnFlagUntilTimeout
                         0x800'07d9   0x98  Code  Gb  stm32f0xx_hal_uart.o [5]
USART1_IRQHandler        0x800'27a7    0xa  Code  Gb  stm32f0xx_it.o [2]
USART2_IRQHandler        0x800'27b1    0xa  Code  Gb  stm32f0xx_it.o [2]
Uart485SendNotiACKPacket
                         0x800'1457   0x88  Code  Gb  AppProc.o [3]
UartMakeSendData         0x800'1407   0x46  Code  Gb  AppProc.o [3]
UartRs485ProcessData     0x800'14df   0x6a  Code  Gb  AppProc.o [3]
WWDG_IRQHandler          0x800'1313         Code  Wk  startup_stm32f030x8.o [1]
WriteBackupData          0x800'19d1   0x30  Code  Gb  AppDataFlashOperation.o [3]
__ICFEDIT_region_RAM_end__ {Abs}
                        0x2000'1fff         Data  Gb  <internal module>
__ICFEDIT_region_RAM_start__ {Abs}
                        0x2000'0000         Data  Gb  <internal module>
__NVIC_SetPriority       0x800'18fd   0x3a  Code  Lc  stm32f0xx_hal_cortex.o [5]
__aeabi_idiv0            0x800'19cd         Code  Gb  IntDivZer.o [7]
__aeabi_llsr             0x800'20a9         Code  Gb  U64Shr.o [7]
__cmain                  0x800'2865         Code  Gb  cmain.o [7]
__exit                   0x800'289d   0x14  Code  Gb  exit.o [8]
__iar_data_init3         0x800'281d   0x28  Code  Gb  data_init.o [7]
__iar_lz77_init_single3
                         0x800'26f7   0x80  Code  Gb  lz77_init_single.o [7]
__iar_program_start      0x800'28b1         Code  Gb  cstartup_M.o [7]
__iar_small_Memset4_word
                         0x800'1b49         Code  Gb  ABImemset_small.o [7]
__iar_small_Memset_word
                         0x800'1b49         Code  Gb  ABImemset_small.o [7]
__iar_small_idiv         0x800'12b5         Code  Gb  I32DivMod.o [7]
__iar_small_idivmod      0x800'12b5         Code  Gb  I32DivMod.o [7]
__iar_small_memclr       0x800'1b45         Code  Gb  ABImemset_small.o [7]
__iar_small_memclr4      0x800'1b45         Code  Gb  ABImemset_small.o [7]
__iar_small_memclr8      0x800'1b45         Code  Gb  ABImemset_small.o [7]
__iar_small_memset       0x800'1b49         Code  Gb  ABImemset_small.o [7]
__iar_small_memset4      0x800'1b49         Code  Gb  ABImemset_small.o [7]
__iar_small_memset8      0x800'1b49         Code  Gb  ABImemset_small.o [7]
__iar_small_uidiv        0x800'12dd         Code  Gb  I32DivMod.o [7]
__iar_small_uidivmod     0x800'12dd         Code  Gb  I32DivMod.o [7]
__iar_zero_init3         0x800'27e1   0x3c  Code  Gb  zero_init3.o [7]
__low_level_init         0x800'2883    0x4  Code  Gb  low_level_init.o [6]
__vector_table           0x800'0000         Data  Gb  startup_stm32f030x8.o [1]
_call_main               0x800'2871         Code  Gb  cmain.o [7]
_exit                    0x800'2891         Code  Gb  cexit.o [7]
exit                     0x800'2887    0x8  Code  Gb  exit.o [6]
flTypeInit              0x2000'0300    0xc  Data  Gb  AppDataFlashOperation.o [3]
gModelInfo              0x2000'02b4    0x4  Data  Gb  AppProc.o [3]
hspi1                   0x2000'00b0   0x64  Data  Gb  main.o [2]
htim14                  0x2000'026c   0x48  Data  Gb  main.o [2]
htim6                   0x2000'0224   0x48  Data  Gb  main.o [2]
huart1                  0x2000'0114   0x88  Data  Gb  main.o [2]
huart2                  0x2000'019c   0x88  Data  Gb  main.o [2]
main                     0x800'20d5  0x234  Code  Gb  main.o [2]
memset                   0x800'1715   0x14  Code  Gb  memset.o [7]
pFlash                  0x2000'02e0   0x20  Data  Gb  stm32f0xx_hal_flash.o [5]
u8CommCnt               0x2000'0312    0x1  Data  Gb  StdErrorCode.o [3]
u8IO_Updated            0x2000'02cc    0x1  Data  Gb  AppProc.o [3]
u8LockTimer             0x2000'0314    0x1  Data  Gb  TimerControl.o [3]
u8TimerCycleOneSecond   0x2000'0313    0x1  Data  Gb  TimerControl.o [3]
u8WaitACKFlag           0x2000'02ca    0x1  Data  Gb  AppProc.o [3]
u8WaitCnt               0x2000'02cb    0x1  Data  Gb  AppProc.o [3]
uwTick                  0x2000'00a4    0x4  Data  Gb  stm32f0xx_hal.o [5]
uwTickFreq              0x2000'00a0    0x1  Data  Gb  stm32f0xx_hal.o [5]
uwTickPrio              0x2000'00a8    0x4  Data  Gb  stm32f0xx_hal.o [5]


[1] = D:\DIEN_PROJECT\HOBOI_PANEL\SOFTWARE\MAIN_PANEL_COMBO_V2\EWARM\MAIN_PANEL_V2\Obj\Application\EWARM
[2] = D:\DIEN_PROJECT\HOBOI_PANEL\SOFTWARE\MAIN_PANEL_COMBO_V2\EWARM\MAIN_PANEL_V2\Obj\Application\User\Core
[3] = D:\DIEN_PROJECT\HOBOI_PANEL\SOFTWARE\MAIN_PANEL_COMBO_V2\EWARM\MAIN_PANEL_V2\Obj\Application\User\Core\AppDriverLib
[4] = D:\DIEN_PROJECT\HOBOI_PANEL\SOFTWARE\MAIN_PANEL_COMBO_V2\EWARM\MAIN_PANEL_V2\Obj\Drivers\CMSIS
[5] = D:\DIEN_PROJECT\HOBOI_PANEL\SOFTWARE\MAIN_PANEL_COMBO_V2\EWARM\MAIN_PANEL_V2\Obj\Drivers\STM32F0xx_HAL_Driver
[6] = dl6M_tln.a
[7] = rt6M_tl.a
[8] = shb_l.a

  10'470 bytes of readonly  code memory
     118 bytes of readonly  data memory
   1'813 bytes of readwrite data memory

Errors: none
Warnings: none
